Microchip MPLAB XC8 Compiler V2.35

Linker command line:

-W-3 --edf=/Applications/microchip/xc8/v2.35/pic/dat/en_msgs.txt -cn \
  -h+dist/default/production/Demo-2.X.production.sym \
  --cmf=dist/default/production/Demo-2.X.production.cmf -z -Q16F1619 \
  -o/tmp/xc6X8iVcI --defsym=__MPLAB_BUILD=1 \
  -Mdist/default/production/Demo-2.X.production.map --md=/tmp/xc8vnZv3b.dat \
  -E1 -ver=XC8 Compiler --acfsm=1493 -ACODE=00h-07FFhx4 \
  -ASTRCODE=00h-01FFFh -ASTRING=00h-0FFhx32 -ACONST=00h-0FFhx32 \
  -AENTRY=00h-0FFhx32 -ACOMMON=070h-07Fh -ABANK0=020h-06Fh \
  -ABANK1=0A0h-0EFh -ABANK2=0120h-016Fh -ABANK3=01A0h-01EFh \
  -ABANK4=0220h-026Fh -ABANK5=02A0h-02EFh -ABANK6=0320h-036Fh \
  -ABANK7=03A0h-03EFh -ABANK8=0420h-046Fh -ABANK9=04A0h-04EFh \
  -ABANK10=0520h-056Fh -ABANK11=05A0h-05EFh -ABANK12=0620h-064Fh \
  -ABIGRAM=02000h-023EFh \
  -ARAM=020h-06Fh,0A0h-0EFh,0120h-016Fh,01A0h-01EFh,0220h-026Fh,02A0h-02EFh,0320h-036Fh,03A0h-03EFh,0420h-046Fh,04A0h-04EFh,0520h-056Fh,05A0h-05EFh,0620h-064Fh \
  -AABS1=020h-07Fh,0A0h-0EFh,0120h-016Fh,01A0h-01EFh,0220h-026Fh,02A0h-02EFh,0320h-036Fh,03A0h-03EFh,0420h-046Fh,04A0h-04EFh,0520h-056Fh,05A0h-05EFh,0620h-064Fh \
  -ASFR0=00h-01Fh -ASFR1=080h-09Fh -ASFR2=0100h-011Fh -ASFR3=0180h-019Fh \
  -ASFR4=0200h-021Fh -ASFR5=0280h-029Fh -ASFR6=0300h-031Fh \
  -ASFR7=0380h-039Fh -ASFR8=0400h-041Fh -ASFR9=0480h-049Fh \
  -ASFR10=0500h-051Fh -ASFR11=0580h-059Fh -ASFR12=0600h-061Fh \
  -ASFR13=0680h-06EFh -ASFR14=0700h-076Fh -ASFR15=0780h-07EFh \
  -ASFR16=0800h-086Fh -ASFR17=0880h-08EFh -ASFR18=0900h-096Fh \
  -ASFR19=0980h-09EFh -ASFR20=0A00h-0A6Fh -ASFR21=0A80h-0AEFh \
  -ASFR22=0B00h-0B6Fh -ASFR23=0B80h-0BEFh -ASFR24=0C00h-0C6Fh \
  -ASFR25=0C80h-0CEFh -ASFR26=0D00h-0D6Fh -ASFR27=0D80h-0DEFh \
  -ASFR28=0E00h-0E6Fh -ASFR29=0E80h-0EEFh -ASFR30=0F00h-0F6Fh \
  -ASFR31=0F80h-0FEFh -ACONFIG=08007h-08009h -DCONFIG=2 \
  -AIDLOC=08000h-08003h -DIDLOC=2 -DCODE=2 -DSTRCODE=2 -DSTRING=2 -DCONST=2 \
  -DENTRY=2 -preset_vec=00h,intentry,init,end_init -ppowerup=CODE \
  -pcinit=CODE -pfunctab=ENTRY -k /tmp/xcUVXCoj8.o \
  dist/default/production/Demo-2.X.production.o 

Object code version is 3.11

Machine type is 16F1619



                Name                               Link     Load   Length Selector   Space Scale
/tmp/xcUVXCoj8.o
                end_init                              2        2        2        0       0
                reset_vec                             0        0        2        0       0
                config                             8007     8007        3        0       4
                idloc                              8000     8000        4        0       5
dist/default/production/Demo-2.X.production.o
                cinit                               7EB      7EB       15      FD6       0
                config                             8007     8007        3        0       4
                idloc                              8000     8000        4        0       5
                text13                              4BB      4BB        7      976       0
                text12                              516      516       2B      A2C       0
                text11                              4C2      4C2        7      984       0
                text10                              6DF      6DF       5F      DBE       0
                text9                               5DC      5DC       53      BB8       0
                text8                               4D1      4D1       17      9A2       0
                text7                               56E      56E       31      ADC       0
                text6                               541      541       2D      A82       0
                text5                               59F      59F       3D      B3E       0
                text4                               62F      62F       58      C5E       0
                text3                               73E      73E       AD      E7C       0
                text2                               4E8      4E8       17      9D0       0
                text1                               4FF      4FF       17      9FE       0
                maintext                            687      687       58      D0E       0
                cstackBANK0                          20       20       18       20       1
                cstackCOMMON                         70       70        E       70       1
                inittext                            4B5      4B5        6      96A       0
                dataBANK0                            38       38        8       20       1
                bssBANK0                             40       40        6       20       1
                stringtext3                         821      821        1     1000       0
                stringtext2                         811      811       10     1000       0
                stringtext1                         800      800       11     1000       0
                idataBANK0                          4C9      4C9        8      992       0

TOTAL           Name                               Link     Load   Length     Space
        CLASS   CODE           
                end_init                              2        2        2         0
                cinit                               7EB      7EB       15         0
                reset_vec                             0        0        2         0
                text13                              4BB      4BB        7         0
                text12                              516      516       2B         0
                text11                              4C2      4C2        7         0
                text10                              6DF      6DF       5F         0
                text9                               5DC      5DC       53         0
                text8                               4D1      4D1       17         0
                text7                               56E      56E       31         0
                text6                               541      541       2D         0
                text5                               59F      59F       3D         0
                text4                               62F      62F       58         0
                text3                               73E      73E       AD         0
                text2                               4E8      4E8       17         0
                text1                               4FF      4FF       17         0
                maintext                            687      687       58         0
                inittext                            4B5      4B5        6         0
                idataBANK0                          4C9      4C9        8         0

        CLASS   STRCODE        
                stringtext3                         821      821        1         0
                stringtext2                         811      811       10         0
                stringtext1                         800      800       11         0

        CLASS   STRING         

        CLASS   CONST          

        CLASS   ENTRY          

        CLASS   COMMON         
                cstackCOMMON                         70       70        E         1

        CLASS   BANK0          
                cstackBANK0                          20       20       18         1
                dataBANK0                            38       38        8         1
                bssBANK0                             40       40        6         1

        CLASS   BANK1          

        CLASS   BANK2          

        CLASS   BANK3          

        CLASS   BANK4          

        CLASS   BANK5          

        CLASS   BANK6          

        CLASS   BANK7          

        CLASS   BANK8          

        CLASS   BANK9          

        CLASS   BANK10         

        CLASS   BANK11         

        CLASS   BANK12         

        CLASS   BIGRAM         

        CLASS   RAM            

        CLASS   ABS1           
                abs_s1                               7E       7E        2         1

        CLASS   SFR0           

        CLASS   SFR1           

        CLASS   SFR2           

        CLASS   SFR3           

        CLASS   SFR4           

        CLASS   SFR5           

        CLASS   SFR6           

        CLASS   SFR7           

        CLASS   SFR8           

        CLASS   SFR9           

        CLASS   SFR10          

        CLASS   SFR11          

        CLASS   SFR12          

        CLASS   SFR13          

        CLASS   SFR14          

        CLASS   SFR15          

        CLASS   SFR16          

        CLASS   SFR17          

        CLASS   SFR18          

        CLASS   SFR19          

        CLASS   SFR20          

        CLASS   SFR21          

        CLASS   SFR22          

        CLASS   SFR23          

        CLASS   SFR24          

        CLASS   SFR25          

        CLASS   SFR26          

        CLASS   SFR27          

        CLASS   SFR28          

        CLASS   SFR29          

        CLASS   SFR30          

        CLASS   SFR31          

        CLASS   CONFIG         
                config                             8007     8007        3         4

        CLASS   IDLOC          
                idloc                              8000     8000        4         5

        CLASS   BANK31         

        CLASS   BANK30         

        CLASS   BANK29         

        CLASS   BANK28         

        CLASS   BANK27         

        CLASS   BANK26         

        CLASS   BANK25         

        CLASS   BANK24         

        CLASS   BANK23         

        CLASS   BANK22         

        CLASS   BANK21         

        CLASS   BANK20         

        CLASS   BANK19         

        CLASS   BANK18         

        CLASS   BANK17         

        CLASS   BANK16         

        CLASS   BANK15         

        CLASS   BANK14         

        CLASS   BANK13         

        CLASS   HEAP           

        CLASS   STACK          

        CLASS   EEDATA         



SEGMENTS        Name                           Load    Length   Top    Selector   Space  Class     Delta

                text6                          000541  00002D  00056E       A82       0  CODE        2
                text12                         000516  00002B  000541       A2C       0  CODE        2
                reset_vec                      000000  000004  000004         0       0  CODE        2
                text7                          00056E  000031  00059F       ADC       0  CODE        2
                text1                          0004FF  000017  000516       9FE       0  CODE        2
                text2                          0004E8  000017  0004FF       9D0       0  CODE        2
                text5                          00059F  00003D  0005DC       B3E       0  CODE        2
                text9                          0005DC  000053  00062F       BB8       0  CODE        2
                text8                          0004D1  000017  0004E8       9A2       0  CODE        2
                stringtext1                    000800  000022  000822      1000       0  STRCODE     2
                idataBANK0                     0004C9  000008  0004D1       992       0  CODE        2
                text10                         0006DF  00005F  00073E       DBE       0  CODE        2
                text3                          00073E  0000AD  0007EB       E7C       0  CODE        2
                text4                          00062F  000058  000687       C5E       0  CODE        2
                maintext                       000687  000058  0006DF       D0E       0  CODE        2
                text11                         0004C2  000007  0004C9       984       0  CODE        2
                inittext                       0004B5  000006  0004BB       96A       0  CODE        2
                text13                         0004BB  000007  0004C2       976       0  CODE        2
                cinit                          0007EB  000015  000800       FD6       0  CODE        2
                cstackBANK0                    000020  000026  000046        20       1  BANK0       1
                cstackCOMMON                   000070  00000E  00007E        70       1  COMMON      1


UNUSED ADDRESS RANGES

        Name                Unused          Largest block    Delta
        BANK0            00046-0006F              2A           1
        BANK1            000A0-000EF              50           1
        BANK10           00520-0056F              50           1
        BANK11           005A0-005EF              50           1
        BANK12           00620-0064F              30           1
        BANK2            00120-0016F              50           1
        BANK3            001A0-001EF              50           1
        BANK4            00220-0026F              50           1
        BANK5            002A0-002EF              50           1
        BANK6            00320-0036F              50           1
        BANK7            003A0-003EF              50           1
        BANK8            00420-0046F              50           1
        BANK9            004A0-004EF              50           1
        BIGRAM           02000-023EF             3F0           1
        CODE             00004-004B4             4B1           2
                         00822-01FFF             800
        CONST            00004-004B4             100           2
                         00822-01FFF             100
        ENTRY            00004-004B4             100           2
                         00822-01FFF             100
        RAM              00046-0006F              2A           1
                         000A0-000EF              50
                         00120-0016F              50
                         001A0-001EF              50
                         00220-0026F              50
                         002A0-002EF              50
                         00320-0036F              50
                         003A0-003EF              50
                         00420-0046F              50
                         004A0-004EF              50
                         00520-0056F              50
                         005A0-005EF              50
                         00620-0064F              30
        SFR0             00000-0001F              20           1
        SFR1             00080-0009F              20           1
        SFR10            00500-0051F              20           1
        SFR11            00580-0059F              20           1
        SFR12            00600-0061F              20           1
        SFR13            00680-006EF              70           1
        SFR14            00700-0076F              70           1
        SFR15            00780-007EF              70           1
        SFR16            00800-0086F              70           1
        SFR17            00880-008EF              70           1
        SFR18            00900-0096F              70           1
        SFR19            00980-009EF              70           1
        SFR2             00100-0011F              20           1
        SFR20            00A00-00A6F              70           1
        SFR21            00A80-00AEF              70           1
        SFR22            00B00-00B6F              70           1
        SFR23            00B80-00BEF              70           1
        SFR24            00C00-00C6F              70           1
        SFR25            00C80-00CEF              70           1
        SFR26            00D00-00D6F              70           1
        SFR27            00D80-00DEF              70           1
        SFR28            00E00-00E6F              70           1
        SFR29            00E80-00EEF              70           1
        SFR3             00180-0019F              20           1
        SFR30            00F00-00F6F              70           1
        SFR31            00F80-00FEF              70           1
        SFR4             00200-0021F              20           1
        SFR5             00280-0029F              20           1
        SFR6             00300-0031F              20           1
        SFR7             00380-0039F              20           1
        SFR8             00400-0041F              20           1
        SFR9             00480-0049F              20           1
        STRCODE          00004-004B4             4B1           2
                         00822-01FFF            17DE
        STRING           00004-004B4             100           2
                         00822-01FFF             100

                                  Symbol Table

?___awdiv                             cstackCOMMON 00070
?___awmod                             cstackCOMMON 00070
_ANSELA                               (abs)        0018C
_ANSELB                               (abs)        0018D
_ANSELC                               (abs)        0018E
_BORCON                               (abs)        00116
_INLVLA                               (abs)        0038C
_INLVLB                               (abs)        0038D
_INLVLC                               (abs)        0038E
_LATA                                 (abs)        0010C
_LATAbits                             (abs)        0010C
_LATB                                 (abs)        0010D
_LATC                                 (abs)        0010E
_ODCONA                               (abs)        0028C
_ODCONB                               (abs)        0028D
_ODCONC                               (abs)        0028E
_OPTION_REGbits                       (abs)        00095
_OSCCON                               (abs)        00099
_OSCILLATOR_Initialize                text13       004BB
_OSCTUNE                              (abs)        00098
_PIN_MANAGER_Initialize               text12       00516
_SLRCONA                              (abs)        0030C
_SLRCONB                              (abs)        0030D
_SLRCONC                              (abs)        0030E
_SYSTEM_Initialize                    text11       004C2
_TRISA                                (abs)        0008C
_TRISB                                (abs)        0008D
_TRISC                                (abs)        0008E
_WPUA                                 (abs)        0020C
_WPUB                                 (abs)        0020D
_WPUC                                 (abs)        0020E
__Habs1                               abs1         00000
__Hbank0                              bank0        00000
__Hbank1                              bank1        00000
__Hbank10                             bank10       00000
__Hbank11                             bank11       00000
__Hbank12                             bank12       00000
__Hbank13                             bank13       00000
__Hbank14                             bank14       00000
__Hbank15                             bank15       00000
__Hbank16                             bank16       00000
__Hbank17                             bank17       00000
__Hbank18                             bank18       00000
__Hbank19                             bank19       00000
__Hbank2                              bank2        00000
__Hbank20                             bank20       00000
__Hbank21                             bank21       00000
__Hbank22                             bank22       00000
__Hbank23                             bank23       00000
__Hbank24                             bank24       00000
__Hbank25                             bank25       00000
__Hbank26                             bank26       00000
__Hbank27                             bank27       00000
__Hbank28                             bank28       00000
__Hbank29                             bank29       00000
__Hbank3                              bank3        00000
__Hbank30                             bank30       00000
__Hbank31                             bank31       00000
__Hbank4                              bank4        00000
__Hbank5                              bank5        00000
__Hbank6                              bank6        00000
__Hbank7                              bank7        00000
__Hbank8                              bank8        00000
__Hbank9                              bank9        00000
__Hbigram                             bigram       00000
__HbssBANK0                           bssBANK0     00000
__Hcinit                              cinit        00800
__Hclrtext                            clrtext      00000
__Hcode                               code         00000
__Hcommon                             common       00000
__Hconfig                             config       0800A
__HcstackBANK0                        cstackBANK0  00000
__HcstackCOMMON                       cstackCOMMON 00000
__HdataBANK0                          dataBANK0    00000
__Heeprom_data                        eeprom_data  00000
__Hend_init                           end_init     00004
__Hfunctab                            functab      00000
__Hheap                               heap         00000
__HidataBANK0                         idataBANK0   00000
__Hidloc                              idloc        08004
__Hinit                               init         00002
__Hinittext                           inittext     00000
__Hintentry                           intentry     00002
__Hmaintext                           maintext     00000
__Hpowerup                            powerup      00000
__Hram                                ram          00000
__Hreset_vec                          reset_vec    00002
__Hsfr0                               sfr0         00000
__Hsfr1                               sfr1         00000
__Hsfr10                              sfr10        00000
__Hsfr11                              sfr11        00000
__Hsfr12                              sfr12        00000
__Hsfr13                              sfr13        00000
__Hsfr14                              sfr14        00000
__Hsfr15                              sfr15        00000
__Hsfr16                              sfr16        00000
__Hsfr17                              sfr17        00000
__Hsfr18                              sfr18        00000
__Hsfr19                              sfr19        00000
__Hsfr2                               sfr2         00000
__Hsfr20                              sfr20        00000
__Hsfr21                              sfr21        00000
__Hsfr22                              sfr22        00000
__Hsfr23                              sfr23        00000
__Hsfr24                              sfr24        00000
__Hsfr25                              sfr25        00000
__Hsfr26                              sfr26        00000
__Hsfr27                              sfr27        00000
__Hsfr28                              sfr28        00000
__Hsfr29                              sfr29        00000
__Hsfr3                               sfr3         00000
__Hsfr30                              sfr30        00000
__Hsfr31                              sfr31        00000
__Hsfr4                               sfr4         00000
__Hsfr5                               sfr5         00000
__Hsfr6                               sfr6         00000
__Hsfr7                               sfr7         00000
__Hsfr8                               sfr8         00000
__Hsfr9                               sfr9         00000
__Hspace_0                            (abs)        00822
__Hspace_1                            (abs)        0007E
__Hspace_2                            (abs)        00000
__Hspace_3                            (abs)        00000
__Hspace_4                            (abs)        10011
__Hstack                              stack        00000
__Hstrings                            strings      00000
__Hstringtext1                        stringtext1  00000
__Hstringtext2                        stringtext2  00000
__Hstringtext3                        stringtext3  00000
__Htext                               text         00000
__Labs1                               abs1         00000
__Lbank0                              bank0        00000
__Lbank1                              bank1        00000
__Lbank10                             bank10       00000
__Lbank11                             bank11       00000
__Lbank12                             bank12       00000
__Lbank13                             bank13       00000
__Lbank14                             bank14       00000
__Lbank15                             bank15       00000
__Lbank16                             bank16       00000
__Lbank17                             bank17       00000
__Lbank18                             bank18       00000
__Lbank19                             bank19       00000
__Lbank2                              bank2        00000
__Lbank20                             bank20       00000
__Lbank21                             bank21       00000
__Lbank22                             bank22       00000
__Lbank23                             bank23       00000
__Lbank24                             bank24       00000
__Lbank25                             bank25       00000
__Lbank26                             bank26       00000
__Lbank27                             bank27       00000
__Lbank28                             bank28       00000
__Lbank29                             bank29       00000
__Lbank3                              bank3        00000
__Lbank30                             bank30       00000
__Lbank31                             bank31       00000
__Lbank4                              bank4        00000
__Lbank5                              bank5        00000
__Lbank6                              bank6        00000
__Lbank7                              bank7        00000
__Lbank8                              bank8        00000
__Lbank9                              bank9        00000
__Lbigram                             bigram       00000
__LbssBANK0                           bssBANK0     00000
__Lcinit                              cinit        007EB
__Lclrtext                            clrtext      00000
__Lcode                               code         00000
__Lcommon                             common       00000
__Lconfig                             config       00000
__LcstackBANK0                        cstackBANK0  00000
__LcstackCOMMON                       cstackCOMMON 00000
__LdataBANK0                          dataBANK0    00000
__Leeprom_data                        eeprom_data  00000
__Lend_init                           end_init     00002
__Lfunctab                            functab      00000
__Lheap                               heap         00000
__LidataBANK0                         idataBANK0   00000
__Lidloc                              idloc        00000
__Linit                               init         00002
__Linittext                           inittext     00000
__Lintentry                           intentry     00002
__Lmaintext                           maintext     00000
__Lpowerup                            powerup      00000
__Lram                                ram          00000
__Lreset_vec                          reset_vec    00000
__Lsfr0                               sfr0         00000
__Lsfr1                               sfr1         00000
__Lsfr10                              sfr10        00000
__Lsfr11                              sfr11        00000
__Lsfr12                              sfr12        00000
__Lsfr13                              sfr13        00000
__Lsfr14                              sfr14        00000
__Lsfr15                              sfr15        00000
__Lsfr16                              sfr16        00000
__Lsfr17                              sfr17        00000
__Lsfr18                              sfr18        00000
__Lsfr19                              sfr19        00000
__Lsfr2                               sfr2         00000
__Lsfr20                              sfr20        00000
__Lsfr21                              sfr21        00000
__Lsfr22                              sfr22        00000
__Lsfr23                              sfr23        00000
__Lsfr24                              sfr24        00000
__Lsfr25                              sfr25        00000
__Lsfr26                              sfr26        00000
__Lsfr27                              sfr27        00000
__Lsfr28                              sfr28        00000
__Lsfr29                              sfr29        00000
__Lsfr3                               sfr3         00000
__Lsfr30                              sfr30        00000
__Lsfr31                              sfr31        00000
__Lsfr4                               sfr4         00000
__Lsfr5                               sfr5         00000
__Lsfr6                               sfr6         00000
__Lsfr7                               sfr7         00000
__Lsfr8                               sfr8         00000
__Lsfr9                               sfr9         00000
__Lspace_0                            (abs)        00000
__Lspace_1                            (abs)        00000
__Lspace_2                            (abs)        00000
__Lspace_3                            (abs)        00000
__Lspace_4                            (abs)        00000
__Lstack                              stack        00000
__Lstrings                            strings      00000
__Lstringtext1                        stringtext1  00000
__Lstringtext2                        stringtext2  00000
__Lstringtext3                        stringtext3  00000
__Ltext                               text         00000
__S0                                  (abs)        00822
__S1                                  (abs)        0007E
___awdiv                              text10       006DF
___awdiv@counter                      cstackCOMMON 00075
___awdiv@dividend                     cstackCOMMON 00072
___awdiv@divisor                      cstackCOMMON 00070
___awdiv@quotient                     cstackCOMMON 00077
___awdiv@sign                         cstackCOMMON 00076
___awmod                              text9        005DC
___awmod@counter                      cstackCOMMON 00075
___awmod@dividend                     cstackCOMMON 00072
___awmod@divisor                      cstackCOMMON 00070
___awmod@sign                         cstackCOMMON 00076
___heap_hi                            (abs)        00000
___heap_lo                            (abs)        00000
___int_sp                             stack        00000
___latbits                            (abs)        00002
___sp                                 stack        00000
___stackhi                            (abs)        00000
___stacklo                            (abs)        00000
__end_of_OSCILLATOR_Initialize        text13       004C2
__end_of_PIN_MANAGER_Initialize       text12       00541
__end_of_SYSTEM_Initialize            text11       004C9
__end_of___awdiv                      text10       0073E
__end_of___awmod                      text9        0062F
__end_of__initialization              cinit        007FD
__end_of__tm1637ReadResult            text7        0059F
__end_of__tm1637Start                 text6        0056E
__end_of__tm1637Stop                  text5        005DC
__end_of__tm1637WriteByte             text4        00687
__end_of_digitToSegment               stringtext2  00821
__end_of_main                         maintext     006DF
__end_of_minusSegments                stringtext3  00822
__end_of_segmentMap                   stringtext1  00811
__end_of_tm1637DisplayDecimal         text3        007EB
__end_of_tm1637Init                   text1        00516
__end_of_tm1637SetBrightness          text2        004FF
__end_of_write_reg                    text8        004E8
__initialization                      cinit        007EB
__pbssBANK0                           bssBANK0     00040
__pcstackBANK0                        cstackBANK0  00020
__pcstackCOMMON                       cstackCOMMON 00070
__pdataBANK0                          dataBANK0    00038
__pidataBANK0                         idataBANK0   004C9
__pmaintext                           maintext     00687
__pstringtext1                        stringtext1  00800
__pstringtext2                        stringtext2  00811
__pstringtext3                        stringtext3  00821
__ptext1                              text1        004FF
__ptext10                             text10       006DF
__ptext11                             text11       004C2
__ptext12                             text12       00516
__ptext13                             text13       004BB
__ptext2                              text2        004E8
__ptext3                              text3        0073E
__ptext4                              text4        0062F
__ptext5                              text5        0059F
__ptext6                              text6        00541
__ptext7                              text7        0056E
__ptext8                              text8        004D1
__ptext9                              text9        005DC
__tm1637ReadResult                    text7        0056E
__tm1637ReadResult@display            cstackCOMMON 00076
__tm1637Start                         text6        00541
__tm1637Start@display                 cstackCOMMON 00076
__tm1637Stop                          text5        0059F
__tm1637Stop@display                  cstackCOMMON 00076
__tm1637WriteByte                     text4        0062F
__tm1637WriteByte@b                   cstackCOMMON 00076
__tm1637WriteByte@display             cstackCOMMON 0007A
__tm1637WriteByte@i                   cstackCOMMON 00078
_main                                 maintext     00687
_segmentMap                           stringtext1  00800
_tm1637DisplayDecimal                 text3        0073E
_tm1637Init                           text1        004FF
_tm1637SetBrightness                  text2        004E8
_write_reg                            text8        004D1
btemp                                 (abs)        0007E
end_of_initialization                 cinit        007FD
init_ram                              inittext     004B5
intlevel0                             functab      00000
intlevel1                             functab      00000
intlevel2                             functab      00000
intlevel3                             functab      00000
intlevel4                             functab      00000
intlevel5                             functab      00000
main@9979                             cstackBANK0  00030
main@9981                             cstackBANK0  00034
main@F9978                            dataBANK0    0003C
main@F9980                            dataBANK0    00038
main@display                          cstackBANK0  0002F
reset_vec                             reset_vec    00000
start                                 init         00002
start_initialization                  cinit        007EB
tm1637DisplayDecimal@digitArr         cstackBANK0  00024
tm1637DisplayDecimal@display          cstackBANK0  0002C
tm1637DisplayDecimal@displaySeparator cstackBANK0  00022
tm1637DisplayDecimal@i                cstackBANK0  0002A
tm1637DisplayDecimal@i_323            cstackBANK0  00028
tm1637DisplayDecimal@v                cstackBANK0  00020
tm1637Init@CLK                        cstackBANK0  00023
tm1637Init@DIO                        cstackBANK0  00020
tm1637Init@display                    bssBANK0     00040
tm1637SetBrightness@brightness        cstackCOMMON 0007B
tm1637SetBrightness@display           cstackCOMMON 0007D
write_reg@data                        cstackCOMMON 00073
write_reg@pin                         cstackCOMMON 00070
wtemp0                                (abs)        0007E


MODULE INFORMATION

Module		Function		Class		Link	Load	Size
/Applications/microchip/xc8/v2.35/pic/sources/c99/common/awdiv.c
		___awdiv       		CODE           	06DF	0000	95

/Applications/microchip/xc8/v2.35/pic/sources/c99/common/awdiv.c estimated size: 95

mcc_generated_files/pin_manager.c
		_PIN_MANAGER_Initialize		CODE           	0516	0000	43

mcc_generated_files/pin_manager.c estimated size: 43

TM1637Display.c
		__tm1637Stop   		CODE           	059F	0000	61
		__tm1637Start  		CODE           	0541	0000	45
		__tm1637WriteByte		CODE           	062F	0000	88
		_tm1637Init    		CODE           	04FF	0000	23
		__tm1637ReadResult		CODE           	056E	0000	49
		_tm1637DisplayDecimal		CODE           	073E	0000	173
		_tm1637SetBrightness		CODE           	04E8	0000	23

TM1637Display.c estimated size: 462

shared
		_minusSegments 		STRCODE        	0000	0000	0
		_segmentMap    		STRCODE        	0800	0000	17
		_digitToSegment		STRCODE        	0000	0000	0
		__initialization		CODE           	07EB	0000	18

shared estimated size: 35

mcc_generated_files/mcc.c
		_OSCILLATOR_Initialize		CODE           	04BB	0000	7
		_SYSTEM_Initialize		CODE           	04C2	0000	7

mcc_generated_files/mcc.c estimated size: 14

/Applications/microchip/xc8/v2.35/pic/sources/c99/common/awmod.c
		___awmod       		CODE           	05DC	0000	83

/Applications/microchip/xc8/v2.35/pic/sources/c99/common/awmod.c estimated size: 83

main.c
		_main          		CODE           	0687	0000	88

main.c estimated size: 88

custom_pin.c
		_write_reg     		CODE           	04D1	0000	23

custom_pin.c estimated size: 23

